// Jest Snapshot v1, https://goo.gl/fbAQLP

exports[`diagram create 1`] = `
Diagram {
  "blockStack": Array [],
  "current_arrow": 0,
  "current_time": 1,
  "data": Array [],
  "max_time": 0,
  "parts": Array [],
  "props": Object {
    "arrow_color": "black",
    "arrow_height": 10,
    "arrow_width": 15,
    "auto_number": false,
    "background": "white",
    "block_stroke": "gray",
    "block_tab_fill": "gray",
    "column_width": 150,
    "font": "Helvetica",
    "label_space_x": 3,
    "label_space_y": -3,
    "line_color": "black",
    "line_width": 1,
    "no_clear": false,
    "no_feet": false,
    "no_link": false,
    "rung_color": "black",
    "rung_width": 1,
    "text_color": "black",
    "text_size": 13,
    "time_height": 20,
  },
  "timepoints": Object {},
  "title": null,
}
`;

exports[`diagram create 2`] = `
Diagram {
  "blockStack": Array [],
  "current_arrow": 2,
  "current_time": 8,
  "data": Array [
    Advance {
      "_line": 1,
      "distance": 2,
      "kind": "ADVANCE",
    },
    SelfMessage {
      "_line": 2,
      "arrow": Arrow {
        "begin": null,
        "dash": "-",
        "end": ">",
      },
      "classes": "solid closed_forward",
      "from": Endpoint {
        "col": 0,
        "nm": "Alice",
        "tm": 3,
      },
      "kind": "SELF",
      "msg": "[0] Hi!",
      "opts": Object {},
      "timepoint": "here",
      "tm": 3,
      "to": Endpoint {
        "col": 0,
        "nm": "Alice",
        "tm": 3,
      },
    },
    Message {
      "_line": 3,
      "arrow": Arrow {
        "begin": "<<",
        "dash": "--",
        "end": ">>",
      },
      "classes": "open_back dashed open_forward",
      "from": Endpoint {
        "col": 0,
        "nm": "Alice",
        "tm": 3,
      },
      "kind": "MESSAGE",
      "msg": "[1]",
      "opts": Object {},
      "to": Endpoint {
        "col": 1,
        "nm": "Bob",
        "tm": 3,
      },
    },
    Block {
      "_line": 4,
      "depth": 1,
      "end": 7,
      "kind": "BLOCK",
      "msg": "Fine",
      "start": 4,
      "typ": "loop",
    },
    Block {
      "_line": 5,
      "depth": 0,
      "end": 6,
      "kind": "BLOCK",
      "start": 5,
      "typ": "opt",
    },
    End {
      "_line": 6,
      "kind": "END_BLOCK",
      "start": Block {
        "_line": 5,
        "depth": 0,
        "end": 6,
        "kind": "BLOCK",
        "start": 5,
        "typ": "opt",
      },
    },
    End {
      "_line": 7,
      "kind": "END_BLOCK",
      "start": Block {
        "_line": 4,
        "depth": 1,
        "end": 7,
        "kind": "BLOCK",
        "msg": "Fine",
        "start": 4,
        "typ": "loop",
      },
    },
  ],
  "max_time": 7,
  "parts": Array [
    Participant {
      "col": 0,
      "desc": "Alice",
      "nm": "Alice",
    },
    Participant {
      "col": 1,
      "desc": "Bob",
      "nm": "Bob",
    },
  ],
  "props": Object {
    "arrow_color": "orange",
    "arrow_height": 10,
    "arrow_width": 15,
    "auto_number": true,
    "background": "white",
    "block_stroke": "gray",
    "block_tab_fill": "gray",
    "column_width": 150,
    "font": "Helvetica",
    "label_space_x": 3,
    "label_space_y": -3,
    "line_color": "black",
    "line_width": 1,
    "no_clear": false,
    "no_feet": false,
    "no_link": false,
    "rung_color": "black",
    "rung_width": 10,
    "text_color": "black",
    "text_size": 13,
    "time_height": 20,
  },
  "timepoints": Object {
    "here": 3,
  },
  "title": "foo",
}
`;
